============================= test session starts =============================
platform win32 -- Python 3.12.10, pytest-9.1.1, pluggy-1.6.0 -- E:\Downloads\Compressed\squad-engenharia\.venv\Scripts\python.exe
cachedir: .pytest_cache
rootdir: E:\Downloads\Compressed\squad-engenharia\workspace\1e38b5d0-6020-4b32-82a2-4e17039097de
plugins: anyio-4.14.2, langsmith-0.10.15
collecting ... collected 115 items

tests/test_healthcheck_endpoint.py::TestHealthcheckHTTP::test_get_returns_200 PASSED [  0%]
tests/test_healthcheck_endpoint.py::TestHealthcheckHTTP::test_returns_json_content_type PASSED [  1%]
tests/test_healthcheck_endpoint.py::TestHealthcheckHTTP::test_response_is_valid_json PASSED [  2%]
tests/test_healthcheck_endpoint.py::TestHealthcheckBodyOK::test_has_status_field PASSED [  3%]
tests/test_healthcheck_endpoint.py::TestHealthcheckBodyOK::test_status_ok PASSED [  4%]
tests/test_healthcheck_endpoint.py::TestHealthcheckBodyOK::test_has_version_field PASSED [  5%]
tests/test_healthcheck_endpoint.py::TestHealthcheckBodyOK::test_version_is_string PASSED [  6%]
tests/test_healthcheck_endpoint.py::TestHealthcheckBodyOK::test_version_not_empty PASSED [  6%]
tests/test_healthcheck_endpoint.py::TestHealthcheckBodyOK::test_has_timestamp_field PASSED [  7%]
tests/test_healthcheck_endpoint.py::TestHealthcheckBodyOK::test_timestamp_format PASSED [  8%]
tests/test_healthcheck_endpoint.py::TestHealthcheckUnavailable::test_returns_503_when_unhealthy PASSED [  9%]
tests/test_healthcheck_endpoint.py::TestHealthcheckUnavailable::test_body_status_error_when_unhealthy PASSED [ 10%]
tests/test_healthcheck_endpoint.py::TestHealthcheckUnavailable::test_version_present_even_when_unhealthy PASSED [ 11%]
tests/test_healthcheck_endpoint.py::TestHealthcheckUnavailable::test_timestamp_present_when_unhealthy PASSED [ 12%]
tests/test_healthcheck_endpoint.py::TestEndpointSecurity::test_no_sensitive_keys_in_response PASSED [ 13%]
tests/test_healthcheck_endpoint.py::TestEndpointSecurity::test_no_env_vars_leaked PASSED [ 13%]
tests/test_healthcheck_endpoint.py::TestEndpointSecurity::test_method_not_allowed_for_post PASSED [ 14%]
tests/test_healthcheck_endpoint.py::TestEdgeCases::test_multiple_calls_return_consistent_structure PASSED [ 15%]
tests/test_healthcheck_endpoint.py::TestEdgeCases::test_no_trailing_slash_variation PASSED [ 16%]
tests/test_healthcheck_properties.py::TestIdempotency::test_structure_unchanged_over_repeated_calls[0] PASSED [ 17%]
tests/test_healthcheck_properties.py::TestIdempotency::test_structure_unchanged_over_repeated_calls[1] PASSED [ 18%]
tests/test_healthcheck_properties.py::TestIdempotency::test_structure_unchanged_over_repeated_calls[2] PASSED [ 19%]
tests/test_healthcheck_properties.py::TestIdempotency::test_structure_unchanged_over_repeated_calls[3] PASSED [ 20%]
tests/test_healthcheck_properties.py::TestIdempotency::test_structure_unchanged_over_repeated_calls[4] PASSED [ 20%]
tests/test_healthcheck_properties.py::TestIdempotency::test_structure_unchanged_over_repeated_calls[5] PASSED [ 21%]
tests/test_healthcheck_properties.py::TestIdempotency::test_structure_unchanged_over_repeated_calls[6] PASSED [ 22%]
tests/test_healthcheck_properties.py::TestIdempotency::test_structure_unchanged_over_repeated_calls[7] PASSED [ 23%]
tests/test_healthcheck_properties.py::TestIdempotency::test_structure_unchanged_over_repeated_calls[8] PASSED [ 24%]
tests/test_healthcheck_properties.py::TestIdempotency::test_structure_unchanged_over_repeated_calls[9] PASSED [ 25%]
tests/test_healthcheck_properties.py::TestIdempotency::test_structure_unchanged_over_repeated_calls[10] PASSED [ 26%]
tests/test_healthcheck_properties.py::TestIdempotency::test_structure_unchanged_over_repeated_calls[11] PASSED [ 26%]
tests/test_healthcheck_properties.py::TestIdempotency::test_structure_unchanged_over_repeated_calls[12] PASSED [ 27%]
tests/test_healthcheck_properties.py::TestIdempotency::test_structure_unchanged_over_repeated_calls[13] PASSED [ 28%]
tests/test_healthcheck_properties.py::TestIdempotency::test_structure_unchanged_over_repeated_calls[14] PASSED [ 29%]
tests/test_healthcheck_properties.py::TestIdempotency::test_structure_unchanged_over_repeated_calls[15] PASSED [ 30%]
tests/test_healthcheck_properties.py::TestIdempotency::test_structure_unchanged_over_repeated_calls[16] PASSED [ 31%]
tests/test_healthcheck_properties.py::TestIdempotency::test_structure_unchanged_over_repeated_calls[17] PASSED [ 32%]
tests/test_healthcheck_properties.py::TestIdempotency::test_structure_unchanged_over_repeated_calls[18] PASSED [ 33%]
tests/test_healthcheck_properties.py::TestIdempotency::test_structure_unchanged_over_repeated_calls[19] PASSED [ 33%]
tests/test_healthcheck_properties.py::TestIdempotency::test_status_always_ok_when_healthy PASSED [ 34%]
tests/test_healthcheck_properties.py::TestResponseSize::test_body_size_under_512_bytes PASSED [ 35%]
tests/test_healthcheck_properties.py::TestResponseSize::test_body_is_valid_json PASSED [ 36%]
tests/test_healthcheck_properties.py::TestResponseSize::test_no_bom_in_body PASSED [ 37%]
tests/test_healthcheck_properties.py::TestAppInitialization::test_app_is_fastapi_instance PASSED [ 38%]
tests/test_healthcheck_properties.py::TestAppInitialization::test_healthcheck_route_exists PASSED [ 39%]
tests/test_healthcheck_properties.py::TestAppInitialization::test_only_healthcheck_route PASSED [ 40%]
tests/test_healthcheck_properties.py::TestHealthcheckModuleProperties::test_version_is_public_constant PASSED [ 40%]
tests/test_healthcheck_properties.py::TestHealthcheckModuleProperties::test_get_health_status_returns_bool PASSED [ 41%]
tests/test_healthcheck_properties.py::TestHealthcheckModuleProperties::test_build_response_returns_dict PASSED [ 42%]
tests/test_healthcheck_properties.py::TestHealthcheckModuleProperties::test_build_response_has_exactly_three_keys PASSED [ 43%]
tests/test_healthcheck_properties.py::TestHealthcheckModuleProperties::test_build_response_no_private_attributes PASSED [ 44%]
tests/test_healthcheck_properties.py::TestHealthcheckModuleProperties::test_build_response_values_are_strings PASSED [ 45%]
tests/test_healthcheck_properties.py::TestTimestampAdvanced::test_no_plus_offset_in_timestamp PASSED [ 46%]
tests/test_healthcheck_properties.py::TestTimestampAdvanced::test_timestamp_is_utc PASSED [ 46%]
tests/test_healthcheck_properties.py::TestTimestampAdvanced::test_timestamp_year_is_plausible PASSED [ 47%]
tests/test_healthcheck_properties.py::TestTimestampAdvanced::test_timestamp_format_consistent_across_module_and_api PASSED [ 48%]
tests/test_healthcheck_properties.py::TestMockedHealthStatus::test_true_to_false_transition PASSED [ 49%]
tests/test_healthcheck_properties.py::TestMockedHealthStatus::test_version_unchanged_across_states PASSED [ 50%]
tests/test_healthcheck_properties.py::TestMockedHealthStatus::test_health_status_function_is_callable PASSED [ 51%]
tests/test_healthcheck_properties.py::TestAdditionalSecurity::test_no_server_header_leaking_version PASSED [ 52%]
tests/test_healthcheck_properties.py::TestAdditionalSecurity::test_no_x_powered_by_header PASSED [ 53%]
tests/test_healthcheck_properties.py::TestAdditionalSecurity::test_response_body_has_no_debug_info PASSED [ 53%]
tests/test_healthcheck_properties.py::TestRobustness::test_rapid_fire_requests PASSED [ 54%]
tests/test_healthcheck_properties.py::TestRobustness::test_concurrent_mock_switches PASSED [ 55%]
tests/test_healthcheck_properties.py::TestRobustness::test_response_is_always_json_even_on_error PASSED [ 56%]
tests/test_healthcheck_unit.py::TestGetHealthStatus::test_returns_boolean PASSED [ 57%]
tests/test_healthcheck_unit.py::TestGetHealthStatus::test_current_implementation_returns_true PASSED [ 58%]
tests/test_healthcheck_unit.py::TestBuildHealthcheckResponse::test_returns_dict PASSED [ 59%]
tests/test_healthcheck_unit.py::TestBuildHealthcheckResponse::test_has_required_fields PASSED [ 60%]
tests/test_healthcheck_unit.py::TestBuildHealthcheckResponse::test_status_ok_when_healthy PASSED [ 60%]
tests/test_healthcheck_unit.py::TestBuildHealthcheckResponse::test_status_error_when_unhealthy PASSED [ 61%]
tests/test_healthcheck_unit.py::TestBuildHealthcheckResponse::test_version_matches_constant PASSED [ 62%]
tests/test_healthcheck_unit.py::TestBuildHealthcheckResponse::test_version_is_1_0_0 PASSED [ 63%]
tests/test_healthcheck_unit.py::TestBuildHealthcheckResponse::test_version_is_string PASSED [ 64%]
tests/test_healthcheck_unit.py::TestTimestamp::test_timestamp_ends_with_z PASSED [ 65%]
tests/test_healthcheck_unit.py::TestTimestamp::test_timestamp_matches_iso8601_utc PASSED [ 66%]
tests/test_healthcheck_unit.py::TestTimestamp::test_timestamp_is_string PASSED [ 66%]
tests/test_healthcheck_unit.py::TestSecurity::test_no_sensitive_keys PASSED [ 67%]
tests/test_healthcheck_unit.py::TestSecurity::test_no_values_contain_password_pattern PASSED [ 68%]
tests/test_spec_contract.py::TestSpec200OK::test_200_status_code PASSED  [ 69%]
tests/test_spec_contract.py::TestSpec200OK::test_response_is_json PASSED [ 70%]
tests/test_spec_contract.py::TestSpec200OK::test_body_has_exactly_three_fields PASSED [ 71%]
tests/test_spec_contract.py::TestSpec200OK::test_status_value_is_ok PASSED [ 72%]
tests/test_spec_contract.py::TestSpec200OK::test_version_matches_spec_example PASSED [ 73%]
tests/test_spec_contract.py::TestSpec200OK::test_timestamp_is_iso8601_utc_with_z PASSED [ 73%]
tests/test_spec_contract.py::TestSpec200OK::test_timestamp_is_fresh PASSED [ 74%]
tests/test_spec_contract.py::TestSpec503Unavailable::test_503_status_code_when_unhealthy PASSED [ 75%]
tests/test_spec_contract.py::TestSpec503Unavailable::test_503_body_has_status_error PASSED [ 76%]
tests/test_spec_contract.py::TestSpec503Unavailable::test_503_body_has_exactly_three_fields PASSED [ 77%]
tests/test_spec_contract.py::TestSpec503Unavailable::test_503_version_still_present PASSED [ 78%]
tests/test_spec_contract.py::TestSpec503Unavailable::test_503_timestamp_still_valid PASSED [ 79%]
tests/test_spec_contract.py::TestSpecVersion::test_version_is_semver_string PASSED [ 80%]
tests/test_spec_contract.py::TestSpecVersion::test_version_constant_is_1_0_0 PASSED [ 80%]
tests/test_spec_contract.py::TestSpecVersion::test_version_constant_is_string PASSED [ 81%]
tests/test_spec_contract.py::TestSpecNoSensitiveData::test_no_forbidden_keys_in_body PASSED [ 82%]
tests/test_spec_contract.py::TestSpecNoSensitiveData::test_no_forbidden_values_in_body PASSED [ 83%]
tests/test_spec_contract.py::TestSpecNoSensitiveData::test_no_hidden_fields PASSED [ 84%]
tests/test_spec_contract.py::TestSpecHTTPMethods::test_get_works PASSED  [ 85%]
tests/test_spec_contract.py::TestSpecHTTPMethods::test_non_get_methods_rejected[post] PASSED [ 86%]
tests/test_spec_contract.py::TestSpecHTTPMethods::test_non_get_methods_rejected[put] PASSED [ 86%]
tests/test_spec_contract.py::TestSpecHTTPMethods::test_non_get_methods_rejected[patch] PASSED [ 87%]
tests/test_spec_contract.py::TestSpecHTTPMethods::test_non_get_methods_rejected[delete] PASSED [ 88%]
tests/test_spec_contract.py::TestHealthcheckModuleIsolation::test_module_has_no_fastapi_import PASSED [ 89%]
tests/test_spec_contract.py::TestHealthcheckModuleIsolation::test_module_has_no_flask_import PASSED [ 90%]
tests/test_spec_contract.py::TestHealthcheckModuleIsolation::test_build_response_works_without_app PASSED [ 91%]
tests/test_spec_contract.py::TestSpecStatusEnum::test_ok_status_restricted PASSED [ 92%]
tests/test_spec_contract.py::TestSpecStatusEnum::test_ok_status_is_string PASSED [ 93%]
tests/test_spec_contract.py::TestSpecStatusEnum::test_ok_status_lowercase PASSED [ 93%]
tests/test_spec_contract.py::TestSpecStatusEnum::test_error_status_via_mock PASSED [ 94%]
tests/test_spec_contract.py::TestSpecTimestampBehavior::test_later_call_has_later_or_equal_timestamp PASSED [ 95%]
tests/test_spec_contract.py::TestSpecTimestampBehavior::test_timestamp_precision_at_least_seconds PASSED [ 96%]
tests/test_spec_contract.py::TestSpecStatusCodeMapping::test_200_maps_to_ok PASSED [ 97%]
tests/test_spec_contract.py::TestSpecStatusCodeMapping::test_503_maps_to_error PASSED [ 98%]
tests/test_spec_contract.py::TestSpecStatusCodeMapping::test_both_200_and_503_have_same_fields PASSED [ 99%]
tests/test_spec_contract.py::TestSpecDelegation::test_app_uses_module_function PASSED [100%]

============================== warnings summary ===============================
..\..\.venv\Lib\site-packages\fastapi\testclient.py:1
  E:\Downloads\Compressed\squad-engenharia\.venv\Lib\site-packages\fastapi\testclient.py:1: StarletteDeprecationWarning: Using `httpx` with `starlette.testclient` is deprecated; install `httpx2` instead.
    from starlette.testclient import TestClient as TestClient  # noqa

-- Docs: https://docs.pytest.org/en/stable/how-to/capture-warnings.html
======================= 115 passed, 1 warning in 1.46s ========================
